stdout is a tty false, in CI false.  using logfile: true
